  蹂듭썝???꾨줈?앺듃瑜??뺤씤?섎뒗 以?..
  蹂듭썝??紐⑤뱺 ?꾨줈?앺듃媛 理쒖떊 ?곹깭?낅땲??
D:\Project\2024\Kabusiki_Main_Server\iocp\ManageLogic\Protocol\RpcProxy.cs(66,1): error CS1022: ?뺤떇?대굹 ?ㅼ엫?ㅽ럹?댁뒪 ?뺤쓽 ?먮뒗 ?뚯씪 ??EOF)???꾩슂?⑸땲?? [D:\Project\2024\Kabusiki_Main_Server\iocp\TeruTeruServer.csproj]
D:\Project\2024\Kabusiki_Main_Server\iocp\ManageLogic\Protocol\RpcStub.cs(333,1): error CS1022: ?뺤떇?대굹 ?ㅼ엫?ㅽ럹?댁뒪 ?뺤쓽 ?먮뒗 ?뚯씪 ??EOF)???꾩슂?⑸땲?? [D:\Project\2024\Kabusiki_Main_Server\iocp\TeruTeruServer.csproj]

鍮뚮뱶?섏? 紐삵뻽?듬땲??

D:\Project\2024\Kabusiki_Main_Server\iocp\ManageLogic\Protocol\RpcProxy.cs(66,1): error CS1022: ?뺤떇?대굹 ?ㅼ엫?ㅽ럹?댁뒪 ?뺤쓽 ?먮뒗 ?뚯씪 ??EOF)???꾩슂?⑸땲?? [D:\Project\2024\Kabusiki_Main_Server\iocp\TeruTeruServer.csproj]
D:\Project\2024\Kabusiki_Main_Server\iocp\ManageLogic\Protocol\RpcStub.cs(333,1): error CS1022: ?뺤떇?대굹 ?ㅼ엫?ㅽ럹?댁뒪 ?뺤쓽 ?먮뒗 ?뚯씪 ??EOF)???꾩슂?⑸땲?? [D:\Project\2024\Kabusiki_Main_Server\iocp\TeruTeruServer.csproj]
    寃쎄퀬 0媛?
    ?ㅻ쪟 2媛?

寃쎄낵 ?쒓컙: 00:00:00.89
